2025-06-08 17:42:39 - Error occurred while removing a message with id=3 : SQLSTATE[23000]: Integrity constraint violation: 1062 Duplicate entry '3-3-3' for key 'PRIMARY'
2025-06-08 17:42:44 - Error occurred while removing a message with id=3 : SQLSTATE[23000]: Integrity constraint violation: 1062 Duplicate entry '3-3-3' for key 'PRIMARY'
2025-06-08 18:16:08 - Error occurred while removing a message with id=3 : SQLSTATE[23000]: Integrity constraint violation: 1062 Duplicate entry '3-3-3' for key 'PRIMARY'
2025-06-08 18:16:10 - Error occurred while removing a message with id=3 : SQLSTATE[23000]: Integrity constraint violation: 1062 Duplicate entry '3-3-3' for key 'PRIMARY'
2025-06-08 18:16:11 - Error occurred while removing a message with id=3 : SQLSTATE[23000]: Integrity constraint violation: 1062 Duplicate entry '3-3-3' for key 'PRIMARY'
2025-06-08 18:16:12 - Error occurred while removing a message with id=3 : SQLSTATE[23000]: Integrity constraint violation: 1062 Duplicate entry '3-3-3' for key 'PRIMARY'
2025-06-08 18:16:12 - Error occurred while removing a message with id=3 : SQLSTATE[23000]: Integrity constraint violation: 1062 Duplicate entry '3-3-3' for key 'PRIMARY'
2025-06-08 18:16:12 - Error occurred while removing a message with id=3 : SQLSTATE[23000]: Integrity constraint violation: 1062 Duplicate entry '3-3-3' for key 'PRIMARY'
2025-06-08 18:16:13 - Error occurred while removing a message with id=3 : SQLSTATE[23000]: Integrity constraint violation: 1062 Duplicate entry '3-3-3' for key 'PRIMARY'
2025-06-08 18:16:36 - Error occurred while removing a message with id=3 : SQLSTATE[23000]: Integrity constraint violation: 1062 Duplicate entry '3-3-3' for key 'PRIMARY'
2025-06-08 18:16:45 - Error occurred while removing a message with id=3 : SQLSTATE[23000]: Integrity constraint violation: 1062 Duplicate entry '3-3-3' for key 'PRIMARY'
2025-06-08 18:16:46 - Error occurred while removing a message with id=3 : SQLSTATE[23000]: Integrity constraint violation: 1062 Duplicate entry '3-3-3' for key 'PRIMARY'
2025-06-08 18:18:57 - Error occurred while removing a message with id=3 : SQLSTATE[23000]: Integrity constraint violation: 1062 Duplicate entry '3-3-3' for key 'PRIMARY'
2025-06-08 18:23:03 - Error occurred while removing a message with id=3 : SQLSTATE[23000]: Integrity constraint violation: 1062 Duplicate entry '3-3-3' for key 'PRIMARY'
2025-06-08 18:37:18 - Error occurred while removing a message with id=3 : SQLSTATE[23000]: Integrity constraint violation: 1451 Cannot delete or update a parent row: a foreign key constraint fails (`secretunitine`.`message_recipients`, CONSTRAINT `receivedMessageId_FK` FOREIGN KEY (`messageId`) REFERENCES `messages` (`id`))
2025-06-08 18:57:26 - Error occurred while removing a message with id=3 : SQLSTATE[23000]: Integrity constraint violation: 1451 Cannot delete or update a parent row: a foreign key constraint fails (`secretunitine`.`message_recipients`, CONSTRAINT `receivedMessageId_FK` FOREIGN KEY (`messageId`) REFERENCES `messages` (`id`))
2025-06-08 18:58:58 - Error occurred while removing a message with id=3 : SQLSTATE[23000]: Integrity constraint violation: 1451 Cannot delete or update a parent row: a foreign key constraint fails (`secretunitine`.`message_recipients`, CONSTRAINT `receivedMessageId_FK` FOREIGN KEY (`messageId`) REFERENCES `messages` (`id`))
2025-06-08 20:44:40 - Error occurred while sorting with order= ASC SQLSTATE[42000]: Syntax error or access violation: 1064 You have an error in your SQL syntax; check the manual that corresponds to your MariaDB server version for the right syntax to use near ''ASC'' at line 1
2025-06-08 20:46:36 - Error occurred while sorting with order= ASC SQLSTATE[42000]: Syntax error or access violation: 1064 You have an error in your SQL syntax; check the manual that corresponds to your MariaDB server version for the right syntax to use near ''ASC'' at line 1
2025-06-08 20:47:21 - Error occurred while sorting with order= ASC SQLSTATE[42000]: Syntax error or access violation: 1064 You have an error in your SQL syntax; check the manual that corresponds to your MariaDB server version for the right syntax to use near ''ASC'' at line 1
2025-06-08 20:49:44 - Error occurred while sorting with order= ASC SQLSTATE[42000]: Syntax error or access violation: 1064 You have an error in your SQL syntax; check the manual that corresponds to your MariaDB server version for the right syntax to use near ''ASC'' at line 1
2025-06-08 20:52:59 - Error occurred while sorting with order= ASC SQLSTATE[42000]: Syntax error or access violation: 1064 You have an error in your SQL syntax; check the manual that corresponds to your MariaDB server version for the right syntax to use near ''ASC'' at line 1
2025-06-08 20:54:22 - Error occurred while sorting with order= ASC SQLSTATE[42000]: Syntax error or access violation: 1064 You have an error in your SQL syntax; check the manual that corresponds to your MariaDB server version for the right syntax to use near ''ASC'' at line 1
2025-06-08 20:54:23 - Error occurred while sorting with order= ASC SQLSTATE[42000]: Syntax error or access violation: 1064 You have an error in your SQL syntax; check the manual that corresponds to your MariaDB server version for the right syntax to use near ''ASC'' at line 1
2025-06-08 20:54:23 - Error occurred while sorting with order= ASC SQLSTATE[42000]: Syntax error or access violation: 1064 You have an error in your SQL syntax; check the manual that corresponds to your MariaDB server version for the right syntax to use near ''ASC'' at line 1
2025-06-08 20:54:35 - Error occurred while sorting with order= ASC SQLSTATE[42000]: Syntax error or access violation: 1064 You have an error in your SQL syntax; check the manual that corresponds to your MariaDB server version for the right syntax to use near ''ASC'' at line 1
2025-06-08 20:54:35 - Error occurred while sorting with order= ASC SQLSTATE[42000]: Syntax error or access violation: 1064 You have an error in your SQL syntax; check the manual that corresponds to your MariaDB server version for the right syntax to use near ''ASC'' at line 1
2025-06-08 20:54:35 - Error occurred while sorting with order= ASC SQLSTATE[42000]: Syntax error or access violation: 1064 You have an error in your SQL syntax; check the manual that corresponds to your MariaDB server version for the right syntax to use near ''ASC'' at line 1
2025-06-08 20:54:51 - Error occurred while sorting with order= ASC SQLSTATE[42000]: Syntax error or access violation: 1064 You have an error in your SQL syntax; check the manual that corresponds to your MariaDB server version for the right syntax to use near ''ASC'' at line 1
2025-06-08 20:54:51 - Error occurred while sorting with order= ASC SQLSTATE[42000]: Syntax error or access violation: 1064 You have an error in your SQL syntax; check the manual that corresponds to your MariaDB server version for the right syntax to use near ''ASC'' at line 1
